\BOOKMARK [1][-]{section.1}{\376\377\000I\000n\000t\000r\000o\000d\000u\000c\000t\000i\000o\000n}{}% 1
\BOOKMARK [2][-]{subsection.1.1}{\376\377\000P\000e\000r\000s\000o\000n\000a\000l\000\040\000T\000a\000s\000t\000e\000s\000\040\000v\000e\000r\000s\000u\000s\000\040\000O\000t\000h\000e\000r\000s\000'\000\040\000T\000a\000s\000t\000e\000s}{section.1}% 2
\BOOKMARK [2][-]{subsection.1.2}{\376\377\000H\000o\000w\000\040\000D\000o\000\040\000O\000t\000h\000e\000r\000s\000'\000\040\000T\000a\000s\000t\000e\000s\000\040\000I\000n\000f\000l\000u\000e\000n\000c\000e\000\040\000O\000u\000r\000\040\000O\000w\000n\000?}{section.1}% 3
\BOOKMARK [3][-]{subsubsection.1.2.1}{\376\377\000T\000h\000e\000\040\000G\000e\000n\000e\000r\000a\000l\000i\000z\000e\000d\000\040\000I\000n\000f\000l\000u\000e\000n\000c\000e\000\040\000M\000e\000c\000h\000a\000n\000i\000s\000m}{subsection.1.2}% 4
\BOOKMARK [2][-]{subsection.1.3}{\376\377\000S\000t\000u\000d\000y\000\040\000D\000e\000s\000c\000r\000i\000p\000t\000i\000o\000n}{section.1}% 5
\BOOKMARK [2][-]{subsection.1.4}{\376\377\000H\000y\000p\000o\000t\000h\000e\000s\000e\000s}{section.1}% 6
\BOOKMARK [3][-]{subsubsection.1.4.1}{\376\377\000M\000e\000r\000e\000\040\000E\000x\000p\000o\000s\000u\000r\000e\000\040\000a\000n\000d\000\040\000P\000o\000s\000i\000t\000i\000v\000e\000\040\000D\000r\000i\000f\000t}{subsection.1.4}% 7
\BOOKMARK [3][-]{subsubsection.1.4.2}{\376\377\000S\000o\000c\000i\000a\000l\000\040\000I\000n\000f\000l\000u\000e\000n\000c\000e\000\040\000a\000n\000d\000\040\000G\000e\000n\000e\000r\000a\000l\000i\000z\000e\000d\000\040\000A\000l\000i\000g\000n\000m\000e\000n\000t}{subsection.1.4}% 8
\BOOKMARK [3][-]{subsubsection.1.4.3}{\376\377\000S\000o\000c\000i\000a\000l\000\040\000I\000n\000f\000l\000u\000e\000n\000c\000e\000\040\000a\000n\000d\000\040\000S\000t\000a\000t\000u\000s\000\040\000S\000p\000e\000c\000i\000f\000i\000c\000\040\000A\000l\000i\000g\000n\000m\000e\000n\000t}{subsection.1.4}% 9
\BOOKMARK [3][-]{subsubsection.1.4.4}{\376\377\000S\000t\000a\000t\000u\000s\000\040\000I\000n\000c\000o\000n\000s\000i\000s\000t\000e\000n\000c\000y\000\040\000a\000n\000d\000\040\000A\000e\000s\000t\000h\000e\000t\000i\000c\000\040\000M\000a\000l\000l\000e\000a\000b\000i\000l\000i\000t\000y}{subsection.1.4}% 10
\BOOKMARK [1][-]{section.2}{\376\377\000D\000a\000t\000a\000\040\000a\000n\000d\000\040\000M\000e\000t\000h\000o\000d\000s}{}% 11
\BOOKMARK [2][-]{subsection.2.1}{\376\377\000S\000a\000m\000p\000l\000e\000\040\000R\000e\000c\000r\000u\000i\000t\000m\000e\000n\000t\000\040\000a\000n\000d\000\040\000S\000u\000r\000v\000e\000y\000\040\000A\000d\000m\000i\000n\000i\000s\000t\000r\000a\000t\000i\000o\000n}{section.2}% 12
\BOOKMARK [2][-]{subsection.2.2}{\376\377\000E\000x\000p\000e\000r\000i\000m\000e\000n\000t\000a\000l\000\040\000D\000e\000s\000i\000g\000n\000\040\000a\000n\000d\000\040\000S\000t\000i\000m\000u\000l\000u\000s}{section.2}% 13
\BOOKMARK [2][-]{subsection.2.3}{\376\377\000M\000i\000t\000i\000g\000a\000t\000i\000o\000n\000\040\000o\000f\000\040\000E\000x\000p\000e\000r\000i\000m\000e\000n\000t\000e\000r\000\040\000D\000e\000m\000a\000n\000d\000\040\000C\000h\000a\000r\000a\000c\000t\000e\000r\000i\000s\000t\000i\000c\000s\000\040\000a\000n\000d\000\040\000R\000e\000s\000p\000o\000n\000d\000e\000n\000t\000\040\000R\000e\000a\000c\000t\000i\000v\000i\000t\000y}{section.2}% 14
\BOOKMARK [2][-]{subsection.2.4}{\376\377\000V\000a\000r\000i\000a\000b\000l\000e\000s\000\040\000a\000n\000d\000\040\000M\000e\000a\000s\000u\000r\000e\000m\000e\000n\000t}{section.2}% 15
\BOOKMARK [2][-]{subsection.2.5}{\376\377\000I\000n\000v\000e\000r\000s\000e\000\040\000P\000r\000o\000b\000a\000b\000i\000l\000i\000t\000y\000\040\000W\000e\000i\000g\000h\000t\000i\000n\000g}{section.2}% 16
\BOOKMARK [2][-]{subsection.2.6}{\376\377\000D\000i\000f\000f\000e\000r\000e\000n\000c\000e\000-\000i\000n\000-\000D\000i\000f\000f\000e\000r\000e\000n\000c\000e\000s\000\040\000A\000n\000a\000l\000y\000t\000i\000c\000\040\000S\000t\000r\000a\000t\000e\000g\000y}{section.2}% 17
\BOOKMARK [1][-]{section.3}{\376\377\000R\000e\000s\000u\000l\000t\000s}{}% 18
\BOOKMARK [2][-]{subsection.3.1}{\376\377\000B\000a\000s\000e\000l\000i\000n\000e\000\040\000E\000x\000p\000o\000s\000u\000r\000e\000\040\000D\000r\000i\000f\000t\000\040\000a\000n\000d\000\040\000G\000e\000n\000e\000r\000a\000l\000i\000z\000e\000d\000\040\000S\000o\000c\000i\000a\000l\000\040\000I\000n\000f\000l\000u\000e\000n\000c\000e}{section.3}% 19
\BOOKMARK [2][-]{subsection.3.2}{\376\377\000M\000o\000d\000e\000r\000a\000t\000i\000o\000n\000\040\000b\000y\000\040\000E\000d\000u\000c\000a\000t\000i\000o\000n\000a\000l\000\040\000A\000t\000t\000a\000i\000n\000m\000e\000n\000t\000\040\000a\000n\000d\000\040\000S\000u\000b\000j\000e\000c\000t\000i\000v\000e\000\040\000C\000l\000a\000s\000s}{section.3}% 20
\BOOKMARK [2][-]{subsection.3.3}{\376\377\000S\000t\000a\000t\000u\000s\000-\000S\000p\000e\000c\000i\000f\000i\000c\000\040\000A\000l\000i\000g\000n\000m\000e\000n\000t\000\040\000a\000n\000d\000\040\000D\000i\000s\000t\000a\000n\000c\000i\000n\000g\000:\000\040\000H\000y\000p\000o\000t\000h\000e\000s\000e\000s\000\040\0003\040\023\0005}{section.3}% 21
\BOOKMARK [2][-]{subsection.3.4}{\376\377\000D\000i\000s\000c\000r\000e\000t\000e\000\040\000B\000e\000h\000a\000v\000i\000o\000r\000a\000l\000\040\000C\000h\000o\000i\000c\000e\000s\000:\000\040\000I\000n\000e\000r\000t\000i\000a\000,\000\040\000C\000o\000n\000f\000o\000r\000m\000i\000t\000y\000,\000\040\000a\000n\000d\000\040\000R\000e\000a\000c\000t\000a\000n\000c\000e}{section.3}% 22
\BOOKMARK [1][-]{section.4}{\376\377\000D\000i\000s\000c\000u\000s\000s\000i\000o\000n}{}% 23
\BOOKMARK [2][-]{subsection.4.1}{\376\377\000S\000u\000m\000m\000a\000r\000y\000\040\000o\000f\000\040\000K\000e\000y\000\040\000R\000e\000s\000u\000l\000t\000s}{section.4}% 24
\BOOKMARK [2][-]{subsection.4.2}{\376\377\000L\000i\000m\000i\000t\000a\000t\000i\000o\000n\000s\000\040\000a\000n\000d\000\040\000S\000u\000g\000g\000e\000s\000t\000i\000o\000n\000s\000\040\000f\000o\000r\000\040\000F\000u\000t\000u\000r\000e\000\040\000W\000o\000r\000k}{section.4}% 25
\BOOKMARK [2][-]{subsection.4.3}{\376\377\000I\000m\000p\000l\000i\000c\000a\000t\000i\000o\000n\000s\000:\000\040\000S\000t\000a\000t\000u\000s\000\040\000C\000o\000n\000s\000i\000s\000t\000e\000n\000c\000y\000\040\000a\000n\000d\000\040\000E\000v\000a\000l\000u\000a\000t\000i\000v\000e\000\040\000F\000l\000u\000i\000d\000i\000t\000y}{section.4}% 26
\BOOKMARK [1][-]{appendix.A}{\376\377\000S\000t\000a\000t\000i\000s\000t\000i\000c\000a\000l\000\040\000P\000o\000w\000e\000r\000\040\000a\000n\000d\000\040\000M\000i\000n\000i\000m\000u\000m\000\040\000D\000e\000t\000e\000c\000t\000a\000b\000l\000e\000\040\000E\000f\000f\000e\000c\000t\000\040\000\050\000M\000D\000E\000\051\000\040\000A\000n\000a\000l\000y\000s\000i\000s}{}% 27
\BOOKMARK [1][-]{appendix.B}{\376\377\000S\000u\000r\000v\000e\000y\000\040\000V\000i\000g\000n\000e\000t\000t\000e\000s\000\040\000a\000n\000d\000\040\000T\000r\000e\000a\000t\000m\000e\000n\000t\000\040\000P\000r\000o\000m\000p\000t\000s}{}% 28
\BOOKMARK [1][-]{appendix.C}{\376\377\000F\000u\000l\000l\000\040\000R\000e\000g\000r\000e\000s\000s\000i\000o\000n\000\040\000T\000a\000b\000l\000e\000s\000\040\000f\000o\000r\000\040\000M\000o\000d\000e\000r\000a\000t\000e\000d\000\040\000D\000i\000D\000\040\000M\000o\000d\000e\000l\000s}{}% 29
\BOOKMARK [1][-]{appendix.D}{\376\377\000C\000o\000m\000p\000a\000r\000i\000s\000o\000n\000\040\000o\000f\000\040\000U\000n\000w\000e\000i\000g\000h\000t\000e\000d\000\040\000a\000n\000d\000\040\000I\000P\000W\000-\000W\000e\000i\000g\000h\000t\000e\000d\000\040\000D\000i\000D\000\040\000M\000o\000d\000e\000l\000s}{}% 30
\BOOKMARK [1][-]{appendix.E}{\376\377\000S\000e\000n\000s\000i\000t\000i\000v\000i\000t\000y\000\040\000A\000n\000a\000l\000y\000s\000i\000s\000:\000\040\000B\000e\000h\000a\000v\000i\000o\000r\000a\000l\000\040\000C\000h\000o\000i\000c\000e\000s\000\040\000E\000x\000c\000l\000u\000d\000i\000n\000g\000\040\000T\000a\000s\000t\000e\000-\000O\000n\000l\000y\000\040\000C\000o\000n\000d\000i\000t\000i\000o\000n\000s}{}% 31
\BOOKMARK [1][-]{appendix.F}{\376\377\000R\000o\000b\000u\000s\000t\000n\000e\000s\000s\000\040\000C\000h\000e\000c\000k\000:\000\040\000A\000l\000t\000e\000r\000n\000a\000t\000i\000v\000e\000\040\000D\000e\000f\000i\000n\000i\000t\000i\000o\000n\000\040\000o\000f\000\040\000S\000o\000c\000i\000a\000l\000\040\000C\000l\000a\000s\000s}{}% 32
\BOOKMARK [1][-]{appendix.G}{\376\377\000R\000o\000b\000u\000s\000t\000n\000e\000s\000s\000\040\000C\000h\000e\000c\000k\000:\000\040\000U\000n\000r\000e\000s\000t\000r\000i\000c\000t\000e\000d\000\040\000F\000u\000l\000l\000\040\000S\000a\000m\000p\000l\000e\000\040\000\050\000N\000\040\000=\000\040\0002\000,\0002\0005\0003\000\051\000\040\000E\000s\000t\000i\000m\000a\000t\000e\000s}{}% 33
\BOOKMARK [1][-]{appendix.H}{\376\377\000R\000o\000b\000u\000s\000t\000n\000e\000s\000s\000\040\000C\000h\000e\000c\000k\000:\000\040\000D\000i\000s\000a\000g\000g\000r\000e\000g\000a\000t\000i\000n\000g\000\040\000E\000d\000u\000c\000a\000t\000i\000o\000n\000a\000l\000\040\000A\000t\000t\000a\000i\000n\000m\000e\000n\000t\000\040\000i\000n\000t\000o\000\040\000F\000o\000u\000r\000\040\000T\000i\000e\000r\000s}{}% 34
